// Jest Snapshot v1, https://goo.gl/fbAQLP

exports[`renders correctly 1`] = `
<View
  style={
    Array [
      Object {
        "alignItems": "center",
        "display": "flex",
        "flexDirection": "row",
        "justifyContent": "flex-start",
        "width": "90%",
      },
    ]
  }
>
  <View
    style={
      Array [
        Object {
          "display": "flex",
          "justifyContent": "flex-start",
          "marginTop": 2,
        },
      ]
    }
  >
    <Text
      style={
        Array [
          Object {
            "color": "#4e4e4e",
            "fontFamily": "SFProRounded-Bold",
            "fontSize": 12,
            "marginBottom": 4,
            "marginRight": 15,
          },
        ]
      }
    >
      Steps
    </Text>
    <Text
      style={
        Array [
          Object {
            "color": "#4e4e4e",
            "fontFamily": "SFProRounded-Bold",
            "fontSize": 12,
            "marginBottom": 4,
            "marginRight": 15,
          },
        ]
      }
    >
      Floors
    </Text>
    <Text
      style={
        Array [
          Object {
            "color": "#4e4e4e",
            "fontFamily": "SFProRounded-Bold",
            "fontSize": 12,
            "marginBottom": 4,
            "marginRight": 15,
          },
        ]
      }
    >
      Calories
    </Text>
    <Text
      style={
        Array [
          Object {
            "color": "#4e4e4e",
            "fontFamily": "SFProRounded-Bold",
            "fontSize": 12,
            "marginBottom": 4,
            "marginRight": 15,
          },
        ]
      }
    >
      Water
    </Text>
  </View>
  <View
    style={
      Array [
        Object {
          "display": "flex",
          "flexGrow": 1,
          "justifyContent": "flex-start",
          "marginTop": 8,
        },
      ]
    }
  >
    <View
      style={
        Array [
          Object {
            "height": 10,
            "marginBottom": 8,
          },
        ]
      }
    >
      <View
        style={
          Array [
            Object {
              "backgroundColor": "#E1E1E1",
              "borderRadius": 10,
              "flexGrow": 1,
              "height": 10,
            },
          ]
        }
      >
        <View
          color="#F86A6A"
          style={
            Array [
              Object {
                "backgroundColor": "#F86A6A",
                "borderRadius": 10,
                "height": 10,
                "width": "87.68%",
              },
            ]
          }
          value={87.68}
        />
      </View>
    </View>
    <View
      style={
        Array [
          Object {
            "height": 10,
            "marginBottom": 8,
          },
        ]
      }
    >
      <View
        style={
          Array [
            Object {
              "backgroundColor": "#E1E1E1",
              "borderRadius": 10,
              "flexGrow": 1,
              "height": 10,
            },
          ]
        }
      >
        <View
          color="#0E7C86"
          style={
            Array [
              Object {
                "backgroundColor": "#0E7C86",
                "borderRadius": 10,
                "height": 10,
                "width": "64%",
              },
            ]
          }
          value={64}
        />
      </View>
    </View>
    <View
      style={
        Array [
          Object {
            "height": 10,
            "marginBottom": 8,
          },
        ]
      }
    >
      <View
        style={
          Array [
            Object {
              "backgroundColor": "#E1E1E1",
              "borderRadius": 10,
              "flexGrow": 1,
              "height": 10,
            },
          ]
        }
      >
        <View
          color="#A3D9A5"
          style={
            Array [
              Object {
                "backgroundColor": "#A3D9A5",
                "borderRadius": 10,
                "height": 10,
                "width": "83.33333333333334%",
              },
            ]
          }
          value={83.33333333333334}
        />
      </View>
    </View>
    <View
      style={
        Array [
          Object {
            "height": 10,
            "marginBottom": 8,
          },
        ]
      }
    >
      <View
        style={
          Array [
            Object {
              "backgroundColor": "#E1E1E1",
              "borderRadius": 10,
              "flexGrow": 1,
              "height": 10,
            },
          ]
        }
      >
        <View
          color="#62B0E8"
          style={
            Array [
              Object {
                "backgroundColor": "#62B0E8",
                "borderRadius": 10,
                "height": 10,
                "width": "66.66666666666666%",
              },
            ]
          }
          value={66.66666666666666}
        />
      </View>
    </View>
  </View>
  <View
    style={
      Array [
        Object {
          "display": "flex",
          "justifyContent": "flex-start",
          "marginTop": 5,
        },
      ]
    }
  >
    <Text
      style={
        Array [
          Object {
            "color": "#9e9e9e",
            "fontFamily": "SFProRounded-SemiBold",
            "fontSize": 10,
            "height": 15,
            "marginBottom": 3,
            "marginLeft": 15,
          },
        ]
      }
    >
      8768
      /
      10000
       
    </Text>
    <Text
      style={
        Array [
          Object {
            "color": "#9e9e9e",
            "fontFamily": "SFProRounded-SemiBold",
            "fontSize": 10,
            "height": 15,
            "marginBottom": 3,
            "marginLeft": 15,
          },
        ]
      }
    >
      16
      /
      25
       
    </Text>
    <Text
      style={
        Array [
          Object {
            "color": "#9e9e9e",
            "fontFamily": "SFProRounded-SemiBold",
            "fontSize": 10,
            "height": 15,
            "marginBottom": 3,
            "marginLeft": 15,
          },
        ]
      }
    >
      1000
      /
      1200
       
    </Text>
    <Text
      style={
        Array [
          Object {
            "color": "#9e9e9e",
            "fontFamily": "SFProRounded-SemiBold",
            "fontSize": 10,
            "height": 15,
            "marginBottom": 3,
            "marginLeft": 15,
          },
        ]
      }
    >
      4
      /
      6
       
      Pints
    </Text>
  </View>
</View>
`;
